// Jest Snapshot v1, https://goo.gl/fbAQLP

exports[`renders correctly with full props 1`] = `
<div
  className="css-ufgy5p-StatefulAlerts"
  data-testid="alerts"
>
  An error
</div>
`;
