// Jest Snapshot v1, https://goo.gl/fbAQLP

exports[`renders correctly with full props 1`] = `
<div
  className="css-89ujr-StatelessTag"
  data-testid="tag"
>
   
  A label
   
</div>
`;
